2025-12-22 15:57:44 - OptionPricing - INFO - wrapper - Starting execution of load_sample_trades
2025-12-22 15:57:44 - OptionPricing - INFO - load_sample_trades - Loading sample trades from sample_trades.csv
2025-12-22 15:57:44 - OptionPricing - INFO - read_trades_from_csv - Reading trades from CSV: sample_trades.csv
2025-12-22 15:57:44 - OptionPricing - INFO - read_trades_from_csv - Successfully read 10 trades from CSV
2025-12-22 15:57:44 - OptionPricing - INFO - load_sample_trades - Loaded 10 trades from CSV
2025-12-22 15:57:44 - OptionPricing - INFO - wrapper - Completed load_sample_trades in 0.0006 seconds
2025-12-22 15:57:44 - OptionPricing - INFO - wrapper - Starting execution of create_options_from_trades
2025-12-22 15:57:44 - OptionPricing - INFO - create_options_from_trades - Creating 10 options using Factory pattern
2025-12-22 15:57:44 - OptionPricing - INFO - create_equity_jump_call - Creating equity jump call via factory: NIKKEI225
2025-12-22 15:57:44 - OptionPricing - INFO - __init__ - EquityJumpCallOption created: CALL option on NIKKEI225 @ 28000.00 (0.25y)
2025-12-22 15:57:44 - OptionPricing - INFO - create_equity_jump_call - Creating equity jump call via factory: NIKKEI225
2025-12-22 15:57:44 - OptionPricing - INFO - __init__ - EquityJumpCallOption created: CALL option on NIKKEI225 @ 29000.00 (0.25y)
2025-12-22 15:57:44 - OptionPricing - INFO - create_equity_jump_call - Creating equity jump call via factory: NIKKEI225
2025-12-22 15:57:44 - OptionPricing - INFO - __init__ - EquityJumpCallOption created: CALL option on NIKKEI225 @ 27000.00 (0.25y)
2025-12-22 15:57:44 - OptionPricing - INFO - create_equity_jump_call - Creating equity jump call via factory: TOPIX
2025-12-22 15:57:44 - OptionPricing - INFO - __init__ - EquityJumpCallOption created: CALL option on TOPIX @ 2000.00 (0.50y)
2025-12-22 15:57:44 - OptionPricing - INFO - create_equity_jump_call - Creating equity jump call via factory: TOPIX
2025-12-22 15:57:44 - OptionPricing - INFO - __init__ - EquityJumpCallOption created: CALL option on TOPIX @ 2100.00 (0.50y)
2025-12-22 15:57:44 - OptionPricing - INFO - create_equity_jump_call - Creating equity jump call via factory: NIKKEI225
2025-12-22 15:57:44 - OptionPricing - INFO - __init__ - EquityJumpCallOption created: CALL option on NIKKEI225 @ 28000.00 (1.00y)
2025-12-22 15:57:44 - OptionPricing - INFO - create_equity_jump_call - Creating equity jump call via factory: NIKKEI225
2025-12-22 15:57:44 - OptionPricing - INFO - __init__ - EquityJumpCallOption created: CALL option on NIKKEI225 @ 30000.00 (0.25y)
2025-12-22 15:57:44 - OptionPricing - INFO - create_equity_jump_call - Creating equity jump call via factory: TOPIX
2025-12-22 15:57:44 - OptionPricing - INFO - __init__ - EquityJumpCallOption created: CALL option on TOPIX @ 1950.00 (0.25y)
2025-12-22 15:57:44 - OptionPricing - INFO - create_equity_jump_call - Creating equity jump call via factory: NIKKEI225
2025-12-22 15:57:44 - OptionPricing - INFO - __init__ - EquityJumpCallOption created: CALL option on NIKKEI225 @ 28500.00 (0.50y)
2025-12-22 15:57:44 - OptionPricing - INFO - create_equity_jump_call - Creating equity jump call via factory: TOPIX
2025-12-22 15:57:44 - OptionPricing - INFO - __init__ - EquityJumpCallOption created: CALL option on TOPIX @ 2050.00 (1.00y)
2025-12-22 15:57:44 - OptionPricing - INFO - create_options_from_trades - Successfully created 10 options
2025-12-22 15:57:44 - OptionPricing - INFO - wrapper - Completed create_options_from_trades in 0.0004 seconds
2025-12-22 15:57:44 - OptionPricing - INFO - __init__ - PricingSession initialized for Adam Jones on NIKKEI225 & TOPIX Options
2025-12-22 15:57:44 - OptionPricing - INFO - __enter__ - === Pricing Session Started ===
2025-12-22 15:57:44 - OptionPricing - INFO - __enter__ - Trader: Adam Jones
2025-12-22 15:57:44 - OptionPricing - INFO - __enter__ - Instrument: NIKKEI225 & TOPIX Options
2025-12-22 15:57:44 - OptionPricing - INFO - __enter__ - Start time: 2025-12-22 15:57:44.906736
2025-12-22 15:57:44 - OptionPricing - INFO - wrapper - Starting execution of price_options_with_multiple_methods
2025-12-22 15:57:44 - OptionPricing - INFO - price_options_with_multiple_methods - Pricing 10 options with methods: ['black_scholes', 'jump_diffusion_mc']
2025-12-22 15:57:44 - OptionPricing - INFO - wrapper - Starting execution of price
2025-12-22 15:57:44 - OptionPricing - INFO - calculate_price - Pricing with Black-Scholes: S=28000.0, K=28000.0, T=0.25
2025-12-22 15:57:44 - OptionPricing - INFO - price - Option priced at 1120.0000 using Black-Scholes
2025-12-22 15:57:44 - OptionPricing - INFO - wrapper - Completed price in 0.0001 seconds
2025-12-22 15:57:44 - OptionPricing - INFO - calculate_greeks - Calculating Greeks with method: analytical
2025-12-22 15:57:44 - OptionPricing - ERROR - price_options_with_multiple_methods - Pricing failed for method black_scholes: 'NoneType' object has no attribute 'get'
2025-12-22 15:57:44 - OptionPricing - INFO - wrapper - Starting execution of price
2025-12-22 15:57:44 - OptionPricing - INFO - _price_with_jump_diffusion - Pricing with jump diffusion MC: 10000 simulations
2025-12-22 15:57:44 - OptionPricing - ERROR - price - Pricing failed with method 'jump_diffusion_mc': Parameter 'mean' must be non-negative, got -0.6
2025-12-22 15:57:44 - OptionPricing - ERROR - wrapper - Exception in price: Failed to price option with method 'jump_diffusion_mc': Parameter 'mean' must be non-negative, got -0.6
Traceback (most recent call last):
  File "/Users/lbessard/Documents/Code/essec_adv_python/options.py", line 346, in price
    price = self._price_with_jump_diffusion()
            ^^^^^^^^^^^^^^^^^^^^^^^^^^^^^^^^^
  File "/Users/lbessard/Documents/Code/essec_adv_python/options.py", line 390, in _price_with_jump_diffusion
    terminal_prices = self.merton_model.simulate_terminal_prices(num_simulations)
                      ^^^^^^^^^^^^^^^^^
  File "/Users/lbessard/Documents/Code/essec_adv_python/options.py", line 308, in merton_model
    self._merton_model = MertonJumpModel(
                         ^^^^^^^^^^^^^^^^
  File "/Users/lbessard/Documents/Code/essec_adv_python/jump_diffusion.py", line 171, in __init__
    self.jump_process = JumpProcess(
                        ^^^^^^^^^^^^
  File "/Users/lbessard/Documents/Code/essec_adv_python/jump_diffusion.py", line 60, in __init__
    self.mean = mean
    ^^^^^^^^^
  File "/Users/lbessard/Documents/Code/essec_adv_python/utils.py", line 325, in __set__
    raise NegativeValueException(self.name or "unknown", value)
utils.NegativeValueException: Parameter 'mean' must be non-negative, got -0.6

During handling of the above exception, another exception occurred:

Traceback (most recent call last):
  File "/Users/lbessard/Documents/Code/essec_adv_python/utils.py", line 228, in wrapper
    result = func(*args, **kwargs)
             ^^^^^^^^^^^^^^^^^^^^^
  File "/Users/lbessard/Documents/Code/essec_adv_python/options.py", line 371, in price
    raise PricingCalculationException(
utils.PricingCalculationException: Failed to price option with method 'jump_diffusion_mc': Parameter 'mean' must be non-negative, got -0.6
2025-12-22 15:57:44 - OptionPricing - ERROR - wrapper - Error in price after 0.0006 seconds: Failed to price option with method 'jump_diffusion_mc': Parameter 'mean' must be non-negative, got -0.6
2025-12-22 15:57:44 - OptionPricing - ERROR - price_options_with_multiple_methods - Pricing failed for method jump_diffusion_mc: Failed to price option with method 'jump_diffusion_mc': Parameter 'mean' must be non-negative, got -0.6
2025-12-22 15:57:44 - OptionPricing - INFO - wrapper - Starting execution of price
2025-12-22 15:57:44 - OptionPricing - INFO - calculate_price - Pricing with Black-Scholes: S=28000.0, K=29000.0, T=0.25
2025-12-22 15:57:44 - OptionPricing - INFO - price - Option priced at 1232.0000 using Black-Scholes
2025-12-22 15:57:44 - OptionPricing - INFO - wrapper - Completed price in 0.0000 seconds
2025-12-22 15:57:44 - OptionPricing - INFO - calculate_greeks - Calculating Greeks with method: analytical
2025-12-22 15:57:44 - OptionPricing - ERROR - price_options_with_multiple_methods - Pricing failed for method black_scholes: 'NoneType' object has no attribute 'get'
2025-12-22 15:57:44 - OptionPricing - INFO - wrapper - Starting execution of price
2025-12-22 15:57:44 - OptionPricing - INFO - _price_with_jump_diffusion - Pricing with jump diffusion MC: 10000 simulations
2025-12-22 15:57:44 - OptionPricing - ERROR - price - Pricing failed with method 'jump_diffusion_mc': Parameter 'mean' must be non-negative, got -0.6
2025-12-22 15:57:44 - OptionPricing - ERROR - wrapper - Exception in price: Failed to price option with method 'jump_diffusion_mc': Parameter 'mean' must be non-negative, got -0.6
Traceback (most recent call last):
  File "/Users/lbessard/Documents/Code/essec_adv_python/options.py", line 346, in price
    price = self._price_with_jump_diffusion()
            ^^^^^^^^^^^^^^^^^^^^^^^^^^^^^^^^^
  File "/Users/lbessard/Documents/Code/essec_adv_python/options.py", line 390, in _price_with_jump_diffusion
    terminal_prices = self.merton_model.simulate_terminal_prices(num_simulations)
                      ^^^^^^^^^^^^^^^^^
  File "/Users/lbessard/Documents/Code/essec_adv_python/options.py", line 308, in merton_model
    self._merton_model = MertonJumpModel(
                         ^^^^^^^^^^^^^^^^
  File "/Users/lbessard/Documents/Code/essec_adv_python/jump_diffusion.py", line 171, in __init__
    self.jump_process = JumpProcess(
                        ^^^^^^^^^^^^
  File "/Users/lbessard/Documents/Code/essec_adv_python/jump_diffusion.py", line 60, in __init__
    self.mean = mean
    ^^^^^^^^^
  File "/Users/lbessard/Documents/Code/essec_adv_python/utils.py", line 325, in __set__
    raise NegativeValueException(self.name or "unknown", value)
utils.NegativeValueException: Parameter 'mean' must be non-negative, got -0.6

During handling of the above exception, another exception occurred:

Traceback (most recent call last):
  File "/Users/lbessard/Documents/Code/essec_adv_python/utils.py", line 228, in wrapper
    result = func(*args, **kwargs)
             ^^^^^^^^^^^^^^^^^^^^^
  File "/Users/lbessard/Documents/Code/essec_adv_python/options.py", line 371, in price
    raise PricingCalculationException(
utils.PricingCalculationException: Failed to price option with method 'jump_diffusion_mc': Parameter 'mean' must be non-negative, got -0.6
2025-12-22 15:57:44 - OptionPricing - ERROR - wrapper - Error in price after 0.0003 seconds: Failed to price option with method 'jump_diffusion_mc': Parameter 'mean' must be non-negative, got -0.6
2025-12-22 15:57:44 - OptionPricing - ERROR - price_options_with_multiple_methods - Pricing failed for method jump_diffusion_mc: Failed to price option with method 'jump_diffusion_mc': Parameter 'mean' must be non-negative, got -0.6
2025-12-22 15:57:44 - OptionPricing - INFO - wrapper - Starting execution of price
2025-12-22 15:57:44 - OptionPricing - INFO - calculate_price - Pricing with Black-Scholes: S=28000.0, K=27000.0, T=0.25
2025-12-22 15:57:44 - OptionPricing - INFO - price - Option priced at 2008.0000 using Black-Scholes
2025-12-22 15:57:44 - OptionPricing - INFO - wrapper - Completed price in 0.0000 seconds
2025-12-22 15:57:44 - OptionPricing - INFO - calculate_greeks - Calculating Greeks with method: analytical
2025-12-22 15:57:44 - OptionPricing - ERROR - price_options_with_multiple_methods - Pricing failed for method black_scholes: 'NoneType' object has no attribute 'get'
2025-12-22 15:57:44 - OptionPricing - INFO - wrapper - Starting execution of price
2025-12-22 15:57:44 - OptionPricing - INFO - _price_with_jump_diffusion - Pricing with jump diffusion MC: 10000 simulations
2025-12-22 15:57:44 - OptionPricing - ERROR - price - Pricing failed with method 'jump_diffusion_mc': Parameter 'mean' must be non-negative, got -0.6
2025-12-22 15:57:44 - OptionPricing - ERROR - wrapper - Exception in price: Failed to price option with method 'jump_diffusion_mc': Parameter 'mean' must be non-negative, got -0.6
Traceback (most recent call last):
  File "/Users/lbessard/Documents/Code/essec_adv_python/options.py", line 346, in price
    price = self._price_with_jump_diffusion()
            ^^^^^^^^^^^^^^^^^^^^^^^^^^^^^^^^^
  File "/Users/lbessard/Documents/Code/essec_adv_python/options.py", line 390, in _price_with_jump_diffusion
    terminal_prices = self.merton_model.simulate_terminal_prices(num_simulations)
                      ^^^^^^^^^^^^^^^^^
  File "/Users/lbessard/Documents/Code/essec_adv_python/options.py", line 308, in merton_model
    self._merton_model = MertonJumpModel(
                         ^^^^^^^^^^^^^^^^
  File "/Users/lbessard/Documents/Code/essec_adv_python/jump_diffusion.py", line 171, in __init__
    self.jump_process = JumpProcess(
                        ^^^^^^^^^^^^
  File "/Users/lbessard/Documents/Code/essec_adv_python/jump_diffusion.py", line 60, in __init__
    self.mean = mean
    ^^^^^^^^^
  File "/Users/lbessard/Documents/Code/essec_adv_python/utils.py", line 325, in __set__
    raise NegativeValueException(self.name or "unknown", value)
utils.NegativeValueException: Parameter 'mean' must be non-negative, got -0.6

During handling of the above exception, another exception occurred:

Traceback (most recent call last):
  File "/Users/lbessard/Documents/Code/essec_adv_python/utils.py", line 228, in wrapper
    result = func(*args, **kwargs)
             ^^^^^^^^^^^^^^^^^^^^^
  File "/Users/lbessard/Documents/Code/essec_adv_python/options.py", line 371, in price
    raise PricingCalculationException(
utils.PricingCalculationException: Failed to price option with method 'jump_diffusion_mc': Parameter 'mean' must be non-negative, got -0.6
2025-12-22 15:57:44 - OptionPricing - ERROR - wrapper - Error in price after 0.0002 seconds: Failed to price option with method 'jump_diffusion_mc': Parameter 'mean' must be non-negative, got -0.6
2025-12-22 15:57:44 - OptionPricing - ERROR - price_options_with_multiple_methods - Pricing failed for method jump_diffusion_mc: Failed to price option with method 'jump_diffusion_mc': Parameter 'mean' must be non-negative, got -0.6
2025-12-22 15:57:44 - OptionPricing - INFO - wrapper - Starting execution of price
2025-12-22 15:57:44 - OptionPricing - INFO - calculate_price - Pricing with Black-Scholes: S=2000.0, K=2000.0, T=0.5
2025-12-22 15:57:44 - OptionPricing - INFO - price - Option priced at 107.4802 using Black-Scholes
2025-12-22 15:57:44 - OptionPricing - INFO - wrapper - Completed price in 0.0000 seconds
2025-12-22 15:57:44 - OptionPricing - INFO - calculate_greeks - Calculating Greeks with method: analytical
2025-12-22 15:57:44 - OptionPricing - ERROR - price_options_with_multiple_methods - Pricing failed for method black_scholes: 'NoneType' object has no attribute 'get'
2025-12-22 15:57:44 - OptionPricing - INFO - wrapper - Starting execution of price
2025-12-22 15:57:44 - OptionPricing - INFO - _price_with_jump_diffusion - Pricing with jump diffusion MC: 10000 simulations
2025-12-22 15:57:44 - OptionPricing - ERROR - price - Pricing failed with method 'jump_diffusion_mc': Parameter 'mean' must be non-negative, got -0.5
2025-12-22 15:57:44 - OptionPricing - ERROR - wrapper - Exception in price: Failed to price option with method 'jump_diffusion_mc': Parameter 'mean' must be non-negative, got -0.5
Traceback (most recent call last):
  File "/Users/lbessard/Documents/Code/essec_adv_python/options.py", line 346, in price
    price = self._price_with_jump_diffusion()
            ^^^^^^^^^^^^^^^^^^^^^^^^^^^^^^^^^
  File "/Users/lbessard/Documents/Code/essec_adv_python/options.py", line 390, in _price_with_jump_diffusion
    terminal_prices = self.merton_model.simulate_terminal_prices(num_simulations)
                      ^^^^^^^^^^^^^^^^^
  File "/Users/lbessard/Documents/Code/essec_adv_python/options.py", line 308, in merton_model
    self._merton_model = MertonJumpModel(
                         ^^^^^^^^^^^^^^^^
  File "/Users/lbessard/Documents/Code/essec_adv_python/jump_diffusion.py", line 171, in __init__
    self.jump_process = JumpProcess(
                        ^^^^^^^^^^^^
  File "/Users/lbessard/Documents/Code/essec_adv_python/jump_diffusion.py", line 60, in __init__
    self.mean = mean
    ^^^^^^^^^
  File "/Users/lbessard/Documents/Code/essec_adv_python/utils.py", line 325, in __set__
    raise NegativeValueException(self.name or "unknown", value)
utils.NegativeValueException: Parameter 'mean' must be non-negative, got -0.5

During handling of the above exception, another exception occurred:

Traceback (most recent call last):
  File "/Users/lbessard/Documents/Code/essec_adv_python/utils.py", line 228, in wrapper
    result = func(*args, **kwargs)
             ^^^^^^^^^^^^^^^^^^^^^
  File "/Users/lbessard/Documents/Code/essec_adv_python/options.py", line 371, in price
    raise PricingCalculationException(
utils.PricingCalculationException: Failed to price option with method 'jump_diffusion_mc': Parameter 'mean' must be non-negative, got -0.5
2025-12-22 15:57:44 - OptionPricing - ERROR - wrapper - Error in price after 0.0002 seconds: Failed to price option with method 'jump_diffusion_mc': Parameter 'mean' must be non-negative, got -0.5
2025-12-22 15:57:44 - OptionPricing - ERROR - price_options_with_multiple_methods - Pricing failed for method jump_diffusion_mc: Failed to price option with method 'jump_diffusion_mc': Parameter 'mean' must be non-negative, got -0.5
2025-12-22 15:57:44 - OptionPricing - INFO - wrapper - Starting execution of price
2025-12-22 15:57:44 - OptionPricing - INFO - calculate_price - Pricing with Black-Scholes: S=2000.0, K=2100.0, T=0.5
2025-12-22 15:57:44 - OptionPricing - INFO - price - Option priced at 118.7939 using Black-Scholes
2025-12-22 15:57:44 - OptionPricing - INFO - wrapper - Completed price in 0.0001 seconds
2025-12-22 15:57:44 - OptionPricing - INFO - calculate_greeks - Calculating Greeks with method: analytical
2025-12-22 15:57:44 - OptionPricing - ERROR - price_options_with_multiple_methods - Pricing failed for method black_scholes: 'NoneType' object has no attribute 'get'
2025-12-22 15:57:44 - OptionPricing - INFO - wrapper - Starting execution of price
2025-12-22 15:57:44 - OptionPricing - INFO - _price_with_jump_diffusion - Pricing with jump diffusion MC: 10000 simulations
2025-12-22 15:57:44 - OptionPricing - ERROR - price - Pricing failed with method 'jump_diffusion_mc': Parameter 'mean' must be non-negative, got -0.5
2025-12-22 15:57:44 - OptionPricing - ERROR - wrapper - Exception in price: Failed to price option with method 'jump_diffusion_mc': Parameter 'mean' must be non-negative, got -0.5
Traceback (most recent call last):
  File "/Users/lbessard/Documents/Code/essec_adv_python/options.py", line 346, in price
    price = self._price_with_jump_diffusion()
            ^^^^^^^^^^^^^^^^^^^^^^^^^^^^^^^^^
  File "/Users/lbessard/Documents/Code/essec_adv_python/options.py", line 390, in _price_with_jump_diffusion
    terminal_prices = self.merton_model.simulate_terminal_prices(num_simulations)
                      ^^^^^^^^^^^^^^^^^
  File "/Users/lbessard/Documents/Code/essec_adv_python/options.py", line 308, in merton_model
    self._merton_model = MertonJumpModel(
                         ^^^^^^^^^^^^^^^^
  File "/Users/lbessard/Documents/Code/essec_adv_python/jump_diffusion.py", line 171, in __init__
    self.jump_process = JumpProcess(
                        ^^^^^^^^^^^^
  File "/Users/lbessard/Documents/Code/essec_adv_python/jump_diffusion.py", line 60, in __init__
    self.mean = mean
    ^^^^^^^^^
  File "/Users/lbessard/Documents/Code/essec_adv_python/utils.py", line 325, in __set__
    raise NegativeValueException(self.name or "unknown", value)
utils.NegativeValueException: Parameter 'mean' must be non-negative, got -0.5

During handling of the above exception, another exception occurred:

Traceback (most recent call last):
  File "/Users/lbessard/Documents/Code/essec_adv_python/utils.py", line 228, in wrapper
    result = func(*args, **kwargs)
             ^^^^^^^^^^^^^^^^^^^^^
  File "/Users/lbessard/Documents/Code/essec_adv_python/options.py", line 371, in price
    raise PricingCalculationException(
utils.PricingCalculationException: Failed to price option with method 'jump_diffusion_mc': Parameter 'mean' must be non-negative, got -0.5
2025-12-22 15:57:44 - OptionPricing - ERROR - wrapper - Error in price after 0.0004 seconds: Failed to price option with method 'jump_diffusion_mc': Parameter 'mean' must be non-negative, got -0.5
2025-12-22 15:57:44 - OptionPricing - ERROR - price_options_with_multiple_methods - Pricing failed for method jump_diffusion_mc: Failed to price option with method 'jump_diffusion_mc': Parameter 'mean' must be non-negative, got -0.5
2025-12-22 15:57:44 - OptionPricing - INFO - wrapper - Starting execution of price
2025-12-22 15:57:44 - OptionPricing - INFO - calculate_price - Pricing with Black-Scholes: S=28000.0, K=28000.0, T=1.0
2025-12-22 15:57:44 - OptionPricing - INFO - price - Option priced at 2240.0000 using Black-Scholes
2025-12-22 15:57:44 - OptionPricing - INFO - wrapper - Completed price in 0.0001 seconds
2025-12-22 15:57:44 - OptionPricing - INFO - calculate_greeks - Calculating Greeks with method: analytical
2025-12-22 15:57:44 - OptionPricing - ERROR - price_options_with_multiple_methods - Pricing failed for method black_scholes: 'NoneType' object has no attribute 'get'
2025-12-22 15:57:44 - OptionPricing - INFO - wrapper - Starting execution of price
2025-12-22 15:57:44 - OptionPricing - INFO - _price_with_jump_diffusion - Pricing with jump diffusion MC: 10000 simulations
2025-12-22 15:57:44 - OptionPricing - ERROR - price - Pricing failed with method 'jump_diffusion_mc': Parameter 'mean' must be non-negative, got -0.6
2025-12-22 15:57:44 - OptionPricing - ERROR - wrapper - Exception in price: Failed to price option with method 'jump_diffusion_mc': Parameter 'mean' must be non-negative, got -0.6
Traceback (most recent call last):
  File "/Users/lbessard/Documents/Code/essec_adv_python/options.py", line 346, in price
    price = self._price_with_jump_diffusion()
            ^^^^^^^^^^^^^^^^^^^^^^^^^^^^^^^^^
  File "/Users/lbessard/Documents/Code/essec_adv_python/options.py", line 390, in _price_with_jump_diffusion
    terminal_prices = self.merton_model.simulate_terminal_prices(num_simulations)
                      ^^^^^^^^^^^^^^^^^
  File "/Users/lbessard/Documents/Code/essec_adv_python/options.py", line 308, in merton_model
    self._merton_model = MertonJumpModel(
                         ^^^^^^^^^^^^^^^^
  File "/Users/lbessard/Documents/Code/essec_adv_python/jump_diffusion.py", line 171, in __init__
    self.jump_process = JumpProcess(
                        ^^^^^^^^^^^^
  File "/Users/lbessard/Documents/Code/essec_adv_python/jump_diffusion.py", line 60, in __init__
    self.mean = mean
    ^^^^^^^^^
  File "/Users/lbessard/Documents/Code/essec_adv_python/utils.py", line 325, in __set__
    raise NegativeValueException(self.name or "unknown", value)
utils.NegativeValueException: Parameter 'mean' must be non-negative, got -0.6

During handling of the above exception, another exception occurred:

Traceback (most recent call last):
  File "/Users/lbessard/Documents/Code/essec_adv_python/utils.py", line 228, in wrapper
    result = func(*args, **kwargs)
             ^^^^^^^^^^^^^^^^^^^^^
  File "/Users/lbessard/Documents/Code/essec_adv_python/options.py", line 371, in price
    raise PricingCalculationException(
utils.PricingCalculationException: Failed to price option with method 'jump_diffusion_mc': Parameter 'mean' must be non-negative, got -0.6
2025-12-22 15:57:44 - OptionPricing - ERROR - wrapper - Error in price after 0.0003 seconds: Failed to price option with method 'jump_diffusion_mc': Parameter 'mean' must be non-negative, got -0.6
2025-12-22 15:57:44 - OptionPricing - ERROR - price_options_with_multiple_methods - Pricing failed for method jump_diffusion_mc: Failed to price option with method 'jump_diffusion_mc': Parameter 'mean' must be non-negative, got -0.6
2025-12-22 15:57:44 - OptionPricing - INFO - wrapper - Starting execution of price
2025-12-22 15:57:44 - OptionPricing - INFO - calculate_price - Pricing with Black-Scholes: S=28000.0, K=30000.0, T=0.25
2025-12-22 15:57:44 - OptionPricing - INFO - price - Option priced at 1400.0000 using Black-Scholes
2025-12-22 15:57:44 - OptionPricing - INFO - wrapper - Completed price in 0.0000 seconds
2025-12-22 15:57:44 - OptionPricing - INFO - calculate_greeks - Calculating Greeks with method: analytical
2025-12-22 15:57:44 - OptionPricing - ERROR - price_options_with_multiple_methods - Pricing failed for method black_scholes: 'NoneType' object has no attribute 'get'
2025-12-22 15:57:44 - OptionPricing - INFO - wrapper - Starting execution of price
2025-12-22 15:57:44 - OptionPricing - INFO - _price_with_jump_diffusion - Pricing with jump diffusion MC: 10000 simulations
2025-12-22 15:57:44 - OptionPricing - ERROR - price - Pricing failed with method 'jump_diffusion_mc': Parameter 'mean' must be non-negative, got -0.6
2025-12-22 15:57:44 - OptionPricing - ERROR - wrapper - Exception in price: Failed to price option with method 'jump_diffusion_mc': Parameter 'mean' must be non-negative, got -0.6
Traceback (most recent call last):
  File "/Users/lbessard/Documents/Code/essec_adv_python/options.py", line 346, in price
    price = self._price_with_jump_diffusion()
            ^^^^^^^^^^^^^^^^^^^^^^^^^^^^^^^^^
  File "/Users/lbessard/Documents/Code/essec_adv_python/options.py", line 390, in _price_with_jump_diffusion
    terminal_prices = self.merton_model.simulate_terminal_prices(num_simulations)
                      ^^^^^^^^^^^^^^^^^
  File "/Users/lbessard/Documents/Code/essec_adv_python/options.py", line 308, in merton_model
    self._merton_model = MertonJumpModel(
                         ^^^^^^^^^^^^^^^^
  File "/Users/lbessard/Documents/Code/essec_adv_python/jump_diffusion.py", line 171, in __init__
    self.jump_process = JumpProcess(
                        ^^^^^^^^^^^^
  File "/Users/lbessard/Documents/Code/essec_adv_python/jump_diffusion.py", line 60, in __init__
    self.mean = mean
    ^^^^^^^^^
  File "/Users/lbessard/Documents/Code/essec_adv_python/utils.py", line 325, in __set__
    raise NegativeValueException(self.name or "unknown", value)
utils.NegativeValueException: Parameter 'mean' must be non-negative, got -0.6

During handling of the above exception, another exception occurred:

Traceback (most recent call last):
  File "/Users/lbessard/Documents/Code/essec_adv_python/utils.py", line 228, in wrapper
    result = func(*args, **kwargs)
             ^^^^^^^^^^^^^^^^^^^^^
  File "/Users/lbessard/Documents/Code/essec_adv_python/options.py", line 371, in price
    raise PricingCalculationException(
utils.PricingCalculationException: Failed to price option with method 'jump_diffusion_mc': Parameter 'mean' must be non-negative, got -0.6
2025-12-22 15:57:44 - OptionPricing - ERROR - wrapper - Error in price after 0.0002 seconds: Failed to price option with method 'jump_diffusion_mc': Parameter 'mean' must be non-negative, got -0.6
2025-12-22 15:57:44 - OptionPricing - ERROR - price_options_with_multiple_methods - Pricing failed for method jump_diffusion_mc: Failed to price option with method 'jump_diffusion_mc': Parameter 'mean' must be non-negative, got -0.6
2025-12-22 15:57:44 - OptionPricing - INFO - wrapper - Starting execution of price
2025-12-22 15:57:44 - OptionPricing - INFO - calculate_price - Pricing with Black-Scholes: S=2000.0, K=1950.0, T=0.25
2025-12-22 15:57:44 - OptionPricing - INFO - price - Option priced at 118.0000 using Black-Scholes
2025-12-22 15:57:44 - OptionPricing - INFO - wrapper - Completed price in 0.0000 seconds
2025-12-22 15:57:44 - OptionPricing - INFO - calculate_greeks - Calculating Greeks with method: analytical
2025-12-22 15:57:44 - OptionPricing - ERROR - price_options_with_multiple_methods - Pricing failed for method black_scholes: 'NoneType' object has no attribute 'get'
2025-12-22 15:57:44 - OptionPricing - INFO - wrapper - Starting execution of price
2025-12-22 15:57:44 - OptionPricing - INFO - _price_with_jump_diffusion - Pricing with jump diffusion MC: 10000 simulations
2025-12-22 15:57:44 - OptionPricing - ERROR - price - Pricing failed with method 'jump_diffusion_mc': Parameter 'mean' must be non-negative, got -0.5
2025-12-22 15:57:44 - OptionPricing - ERROR - wrapper - Exception in price: Failed to price option with method 'jump_diffusion_mc': Parameter 'mean' must be non-negative, got -0.5
Traceback (most recent call last):
  File "/Users/lbessard/Documents/Code/essec_adv_python/options.py", line 346, in price
    price = self._price_with_jump_diffusion()
            ^^^^^^^^^^^^^^^^^^^^^^^^^^^^^^^^^
  File "/Users/lbessard/Documents/Code/essec_adv_python/options.py", line 390, in _price_with_jump_diffusion
    terminal_prices = self.merton_model.simulate_terminal_prices(num_simulations)
                      ^^^^^^^^^^^^^^^^^
  File "/Users/lbessard/Documents/Code/essec_adv_python/options.py", line 308, in merton_model
    self._merton_model = MertonJumpModel(
                         ^^^^^^^^^^^^^^^^
  File "/Users/lbessard/Documents/Code/essec_adv_python/jump_diffusion.py", line 171, in __init__
    self.jump_process = JumpProcess(
                        ^^^^^^^^^^^^
  File "/Users/lbessard/Documents/Code/essec_adv_python/jump_diffusion.py", line 60, in __init__
    self.mean = mean
    ^^^^^^^^^
  File "/Users/lbessard/Documents/Code/essec_adv_python/utils.py", line 325, in __set__
    raise NegativeValueException(self.name or "unknown", value)
utils.NegativeValueException: Parameter 'mean' must be non-negative, got -0.5

During handling of the above exception, another exception occurred:

Traceback (most recent call last):
  File "/Users/lbessard/Documents/Code/essec_adv_python/utils.py", line 228, in wrapper
    result = func(*args, **kwargs)
             ^^^^^^^^^^^^^^^^^^^^^
  File "/Users/lbessard/Documents/Code/essec_adv_python/options.py", line 371, in price
    raise PricingCalculationException(
utils.PricingCalculationException: Failed to price option with method 'jump_diffusion_mc': Parameter 'mean' must be non-negative, got -0.5
2025-12-22 15:57:44 - OptionPricing - ERROR - wrapper - Error in price after 0.0002 seconds: Failed to price option with method 'jump_diffusion_mc': Parameter 'mean' must be non-negative, got -0.5
2025-12-22 15:57:44 - OptionPricing - ERROR - price_options_with_multiple_methods - Pricing failed for method jump_diffusion_mc: Failed to price option with method 'jump_diffusion_mc': Parameter 'mean' must be non-negative, got -0.5
2025-12-22 15:57:44 - OptionPricing - INFO - wrapper - Starting execution of price
2025-12-22 15:57:44 - OptionPricing - INFO - calculate_price - Pricing with Black-Scholes: S=28000.0, K=28500.0, T=0.5
2025-12-22 15:57:44 - OptionPricing - INFO - price - Option priced at 1663.1151 using Black-Scholes
2025-12-22 15:57:44 - OptionPricing - INFO - wrapper - Completed price in 0.0000 seconds
2025-12-22 15:57:44 - OptionPricing - INFO - calculate_greeks - Calculating Greeks with method: analytical
2025-12-22 15:57:44 - OptionPricing - ERROR - price_options_with_multiple_methods - Pricing failed for method black_scholes: 'NoneType' object has no attribute 'get'
2025-12-22 15:57:44 - OptionPricing - INFO - wrapper - Starting execution of price
2025-12-22 15:57:44 - OptionPricing - INFO - _price_with_jump_diffusion - Pricing with jump diffusion MC: 10000 simulations
2025-12-22 15:57:44 - OptionPricing - ERROR - price - Pricing failed with method 'jump_diffusion_mc': Parameter 'mean' must be non-negative, got -0.6
2025-12-22 15:57:44 - OptionPricing - ERROR - wrapper - Exception in price: Failed to price option with method 'jump_diffusion_mc': Parameter 'mean' must be non-negative, got -0.6
Traceback (most recent call last):
  File "/Users/lbessard/Documents/Code/essec_adv_python/options.py", line 346, in price
    price = self._price_with_jump_diffusion()
            ^^^^^^^^^^^^^^^^^^^^^^^^^^^^^^^^^
  File "/Users/lbessard/Documents/Code/essec_adv_python/options.py", line 390, in _price_with_jump_diffusion
    terminal_prices = self.merton_model.simulate_terminal_prices(num_simulations)
                      ^^^^^^^^^^^^^^^^^
  File "/Users/lbessard/Documents/Code/essec_adv_python/options.py", line 308, in merton_model
    self._merton_model = MertonJumpModel(
                         ^^^^^^^^^^^^^^^^
  File "/Users/lbessard/Documents/Code/essec_adv_python/jump_diffusion.py", line 171, in __init__
    self.jump_process = JumpProcess(
                        ^^^^^^^^^^^^
  File "/Users/lbessard/Documents/Code/essec_adv_python/jump_diffusion.py", line 60, in __init__
    self.mean = mean
    ^^^^^^^^^
  File "/Users/lbessard/Documents/Code/essec_adv_python/utils.py", line 325, in __set__
    raise NegativeValueException(self.name or "unknown", value)
utils.NegativeValueException: Parameter 'mean' must be non-negative, got -0.6

During handling of the above exception, another exception occurred:

Traceback (most recent call last):
  File "/Users/lbessard/Documents/Code/essec_adv_python/utils.py", line 228, in wrapper
    result = func(*args, **kwargs)
             ^^^^^^^^^^^^^^^^^^^^^
  File "/Users/lbessard/Documents/Code/essec_adv_python/options.py", line 371, in price
    raise PricingCalculationException(
utils.PricingCalculationException: Failed to price option with method 'jump_diffusion_mc': Parameter 'mean' must be non-negative, got -0.6
2025-12-22 15:57:44 - OptionPricing - ERROR - wrapper - Error in price after 0.0002 seconds: Failed to price option with method 'jump_diffusion_mc': Parameter 'mean' must be non-negative, got -0.6
2025-12-22 15:57:44 - OptionPricing - ERROR - price_options_with_multiple_methods - Pricing failed for method jump_diffusion_mc: Failed to price option with method 'jump_diffusion_mc': Parameter 'mean' must be non-negative, got -0.6
2025-12-22 15:57:44 - OptionPricing - INFO - wrapper - Starting execution of price
2025-12-22 15:57:44 - OptionPricing - INFO - calculate_price - Pricing with Black-Scholes: S=2000.0, K=2050.0, T=1.0
2025-12-22 15:57:44 - OptionPricing - INFO - price - Option priced at 160.0000 using Black-Scholes
2025-12-22 15:57:44 - OptionPricing - INFO - wrapper - Completed price in 0.0001 seconds
2025-12-22 15:57:44 - OptionPricing - INFO - calculate_greeks - Calculating Greeks with method: analytical
2025-12-22 15:57:44 - OptionPricing - ERROR - price_options_with_multiple_methods - Pricing failed for method black_scholes: 'NoneType' object has no attribute 'get'
2025-12-22 15:57:44 - OptionPricing - INFO - wrapper - Starting execution of price
2025-12-22 15:57:44 - OptionPricing - INFO - _price_with_jump_diffusion - Pricing with jump diffusion MC: 10000 simulations
2025-12-22 15:57:44 - OptionPricing - ERROR - price - Pricing failed with method 'jump_diffusion_mc': Parameter 'mean' must be non-negative, got -0.5
2025-12-22 15:57:44 - OptionPricing - ERROR - wrapper - Exception in price: Failed to price option with method 'jump_diffusion_mc': Parameter 'mean' must be non-negative, got -0.5
Traceback (most recent call last):
  File "/Users/lbessard/Documents/Code/essec_adv_python/options.py", line 346, in price
    price = self._price_with_jump_diffusion()
            ^^^^^^^^^^^^^^^^^^^^^^^^^^^^^^^^^
  File "/Users/lbessard/Documents/Code/essec_adv_python/options.py", line 390, in _price_with_jump_diffusion
    terminal_prices = self.merton_model.simulate_terminal_prices(num_simulations)
                      ^^^^^^^^^^^^^^^^^
  File "/Users/lbessard/Documents/Code/essec_adv_python/options.py", line 308, in merton_model
    self._merton_model = MertonJumpModel(
                         ^^^^^^^^^^^^^^^^
  File "/Users/lbessard/Documents/Code/essec_adv_python/jump_diffusion.py", line 171, in __init__
    self.jump_process = JumpProcess(
                        ^^^^^^^^^^^^
  File "/Users/lbessard/Documents/Code/essec_adv_python/jump_diffusion.py", line 60, in __init__
    self.mean = mean
    ^^^^^^^^^
  File "/Users/lbessard/Documents/Code/essec_adv_python/utils.py", line 325, in __set__
    raise NegativeValueException(self.name or "unknown", value)
utils.NegativeValueException: Parameter 'mean' must be non-negative, got -0.5

During handling of the above exception, another exception occurred:

Traceback (most recent call last):
  File "/Users/lbessard/Documents/Code/essec_adv_python/utils.py", line 228, in wrapper
    result = func(*args, **kwargs)
             ^^^^^^^^^^^^^^^^^^^^^
  File "/Users/lbessard/Documents/Code/essec_adv_python/options.py", line 371, in price
    raise PricingCalculationException(
utils.PricingCalculationException: Failed to price option with method 'jump_diffusion_mc': Parameter 'mean' must be non-negative, got -0.5
2025-12-22 15:57:44 - OptionPricing - ERROR - wrapper - Error in price after 0.0003 seconds: Failed to price option with method 'jump_diffusion_mc': Parameter 'mean' must be non-negative, got -0.5
2025-12-22 15:57:44 - OptionPricing - ERROR - price_options_with_multiple_methods - Pricing failed for method jump_diffusion_mc: Failed to price option with method 'jump_diffusion_mc': Parameter 'mean' must be non-negative, got -0.5
2025-12-22 15:57:44 - OptionPricing - INFO - price_options_with_multiple_methods - Completed pricing: 0 results generated
2025-12-22 15:57:44 - OptionPricing - INFO - wrapper - Completed price_options_with_multiple_methods in 0.0049 seconds
2025-12-22 15:57:44 - OptionPricing - INFO - log_result - Result logged: Total options priced = 10
2025-12-22 15:57:44 - OptionPricing - INFO - log_result - Result logged: Total results = 0
2025-12-22 15:57:44 - OptionPricing - INFO - log_result - Result logged: Methods used = black_scholes, jump_diffusion_mc
2025-12-22 15:57:44 - OptionPricing - INFO - __exit__ - === Pricing Session Ended ===
2025-12-22 15:57:44 - OptionPricing - INFO - __exit__ - End time: 2025-12-22 15:57:44.912089
2025-12-22 15:57:44 - OptionPricing - INFO - __exit__ - Duration: 0.0054 seconds
2025-12-22 15:57:44 - OptionPricing - INFO - __exit__ - Results logged: 3
2025-12-22 15:57:44 - OptionPricing - INFO - __exit__ - Session completed successfully
2025-12-22 15:57:44 - OptionPricing - INFO - plot_jump_diffusion_paths - Plotting 100 jump diffusion paths
2025-12-22 15:57:44 - OptionPricing - ERROR - <module> - Fatal error in main execution
Traceback (most recent call last):
  File "/Users/lbessard/Documents/Code/essec_adv_python/main.py", line 521, in <module>
    main()
  File "/Users/lbessard/Documents/Code/essec_adv_python/main.py", line 442, in main
    plot_jump_diffusion_paths(nikkei_option, num_paths=100)
  File "/Users/lbessard/Documents/Code/essec_adv_python/main.py", line 264, in plot_jump_diffusion_paths
    paths = option.merton_model.simulate_paths(num_paths)
            ^^^^^^^^^^^^^^^^^^^
  File "/Users/lbessard/Documents/Code/essec_adv_python/options.py", line 308, in merton_model
    self._merton_model = MertonJumpModel(
                         ^^^^^^^^^^^^^^^^
  File "/Users/lbessard/Documents/Code/essec_adv_python/jump_diffusion.py", line 171, in __init__
    self.jump_process = JumpProcess(
                        ^^^^^^^^^^^^
  File "/Users/lbessard/Documents/Code/essec_adv_python/jump_diffusion.py", line 60, in __init__
    self.mean = mean
    ^^^^^^^^^
  File "/Users/lbessard/Documents/Code/essec_adv_python/utils.py", line 325, in __set__
    raise NegativeValueException(self.name or "unknown", value)
utils.NegativeValueException: Parameter 'mean' must be non-negative, got -0.6
2025-12-22 16:00:01 - OptionPricing - INFO - wrapper - Starting execution of load_sample_trades
2025-12-22 16:00:01 - OptionPricing - INFO - load_sample_trades - Loading sample trades from sample_trades.csv
2025-12-22 16:00:01 - OptionPricing - INFO - read_trades_from_csv - Reading trades from CSV: sample_trades.csv
2025-12-22 16:00:01 - OptionPricing - INFO - read_trades_from_csv - Successfully read 10 trades from CSV
2025-12-22 16:00:01 - OptionPricing - INFO - load_sample_trades - Loaded 10 trades from CSV
2025-12-22 16:00:01 - OptionPricing - INFO - wrapper - Completed load_sample_trades in 0.0005 seconds
2025-12-22 16:00:01 - OptionPricing - INFO - wrapper - Starting execution of create_options_from_trades
2025-12-22 16:00:01 - OptionPricing - INFO - create_options_from_trades - Creating 10 options using Factory pattern
2025-12-22 16:00:01 - OptionPricing - INFO - create_equity_jump_call - Creating equity jump call via factory: NIKKEI225
2025-12-22 16:00:01 - OptionPricing - INFO - __init__ - EquityJumpCallOption created: CALL option on NIKKEI225 @ 28000.00 (0.25y)
2025-12-22 16:00:01 - OptionPricing - INFO - create_equity_jump_call - Creating equity jump call via factory: NIKKEI225
2025-12-22 16:00:01 - OptionPricing - INFO - __init__ - EquityJumpCallOption created: CALL option on NIKKEI225 @ 29000.00 (0.25y)
2025-12-22 16:00:01 - OptionPricing - INFO - create_equity_jump_call - Creating equity jump call via factory: NIKKEI225
2025-12-22 16:00:01 - OptionPricing - INFO - __init__ - EquityJumpCallOption created: CALL option on NIKKEI225 @ 27000.00 (0.25y)
2025-12-22 16:00:01 - OptionPricing - INFO - create_equity_jump_call - Creating equity jump call via factory: TOPIX
2025-12-22 16:00:01 - OptionPricing - INFO - __init__ - EquityJumpCallOption created: CALL option on TOPIX @ 2000.00 (0.50y)
2025-12-22 16:00:01 - OptionPricing - INFO - create_equity_jump_call - Creating equity jump call via factory: TOPIX
2025-12-22 16:00:01 - OptionPricing - INFO - __init__ - EquityJumpCallOption created: CALL option on TOPIX @ 2100.00 (0.50y)
2025-12-22 16:00:01 - OptionPricing - INFO - create_equity_jump_call - Creating equity jump call via factory: NIKKEI225
2025-12-22 16:00:01 - OptionPricing - INFO - __init__ - EquityJumpCallOption created: CALL option on NIKKEI225 @ 28000.00 (1.00y)
2025-12-22 16:00:01 - OptionPricing - INFO - create_equity_jump_call - Creating equity jump call via factory: NIKKEI225
2025-12-22 16:00:01 - OptionPricing - INFO - __init__ - EquityJumpCallOption created: CALL option on NIKKEI225 @ 30000.00 (0.25y)
2025-12-22 16:00:01 - OptionPricing - INFO - create_equity_jump_call - Creating equity jump call via factory: TOPIX
2025-12-22 16:00:01 - OptionPricing - INFO - __init__ - EquityJumpCallOption created: CALL option on TOPIX @ 1950.00 (0.25y)
2025-12-22 16:00:01 - OptionPricing - INFO - create_equity_jump_call - Creating equity jump call via factory: NIKKEI225
2025-12-22 16:00:01 - OptionPricing - INFO - __init__ - EquityJumpCallOption created: CALL option on NIKKEI225 @ 28500.00 (0.50y)
2025-12-22 16:00:01 - OptionPricing - INFO - create_equity_jump_call - Creating equity jump call via factory: TOPIX
2025-12-22 16:00:01 - OptionPricing - INFO - __init__ - EquityJumpCallOption created: CALL option on TOPIX @ 2050.00 (1.00y)
2025-12-22 16:00:01 - OptionPricing - INFO - create_options_from_trades - Successfully created 10 options
2025-12-22 16:00:01 - OptionPricing - INFO - wrapper - Completed create_options_from_trades in 0.0004 seconds
2025-12-22 16:00:01 - OptionPricing - INFO - __init__ - PricingSession initialized for Adam Jones on NIKKEI225 & TOPIX Options
2025-12-22 16:00:01 - OptionPricing - INFO - __enter__ - === Pricing Session Started ===
2025-12-22 16:00:01 - OptionPricing - INFO - __enter__ - Trader: Adam Jones
2025-12-22 16:00:01 - OptionPricing - INFO - __enter__ - Instrument: NIKKEI225 & TOPIX Options
2025-12-22 16:00:01 - OptionPricing - INFO - __enter__ - Start time: 2025-12-22 16:00:01.056930
2025-12-22 16:00:01 - OptionPricing - INFO - wrapper - Starting execution of price_options_with_multiple_methods
2025-12-22 16:00:01 - OptionPricing - INFO - price_options_with_multiple_methods - Pricing 10 options with methods: ['black_scholes', 'jump_diffusion_mc']
2025-12-22 16:00:01 - OptionPricing - INFO - wrapper - Starting execution of price
2025-12-22 16:00:01 - OptionPricing - INFO - calculate_price - Pricing with Black-Scholes: S=28000.0, K=28000.0, T=0.25
2025-12-22 16:00:01 - OptionPricing - INFO - price - Option priced at 1120.0000 using Black-Scholes
2025-12-22 16:00:01 - OptionPricing - INFO - wrapper - Completed price in 0.0001 seconds
2025-12-22 16:00:01 - OptionPricing - INFO - calculate_greeks - Calculating Greeks with method: analytical
2025-12-22 16:00:01 - OptionPricing - ERROR - price_options_with_multiple_methods - Pricing failed for method black_scholes: 'NoneType' object has no attribute 'get'
2025-12-22 16:00:01 - OptionPricing - INFO - wrapper - Starting execution of price
2025-12-22 16:00:01 - OptionPricing - INFO - _price_with_jump_diffusion - Pricing with jump diffusion MC: 10000 simulations
2025-12-22 16:00:01 - OptionPricing - INFO - __init__ - MertonJumpModel initialized: S₀=28000.0, r=0.05, σ=0.2, T=0.25, Δt=0.01, steps=25
2025-12-22 16:00:01 - OptionPricing - INFO - __init__ - Jump process: JumpProcess(λ=0.7500, μ_j=0.6000, δ=0.2000)
2025-12-22 16:00:01 - OptionPricing - INFO - simulate_terminal_prices - Starting generator: 10000 simulations
2025-12-22 16:00:01 - OptionPricing - INFO - simulate_terminal_prices - Generator completed: 10000 simulations
2025-12-22 16:00:01 - OptionPricing - INFO - price - Option priced at 3618.8467 using Jump-Diffusion-MC
2025-12-22 16:00:01 - OptionPricing - INFO - wrapper - Completed price in 0.1996 seconds
2025-12-22 16:00:01 - OptionPricing - INFO - calculate_greeks - Calculating Greeks with method: analytical
2025-12-22 16:00:01 - OptionPricing - ERROR - price_options_with_multiple_methods - Pricing failed for method jump_diffusion_mc: 'NoneType' object has no attribute 'get'
2025-12-22 16:00:01 - OptionPricing - INFO - wrapper - Starting execution of price
2025-12-22 16:00:01 - OptionPricing - INFO - calculate_price - Pricing with Black-Scholes: S=28000.0, K=29000.0, T=0.25
2025-12-22 16:00:01 - OptionPricing - INFO - price - Option priced at 1232.0000 using Black-Scholes
2025-12-22 16:00:01 - OptionPricing - INFO - wrapper - Completed price in 0.0001 seconds
2025-12-22 16:00:01 - OptionPricing - INFO - calculate_greeks - Calculating Greeks with method: analytical
2025-12-22 16:00:01 - OptionPricing - ERROR - price_options_with_multiple_methods - Pricing failed for method black_scholes: 'NoneType' object has no attribute 'get'
2025-12-22 16:00:01 - OptionPricing - INFO - wrapper - Starting execution of price
2025-12-22 16:00:01 - OptionPricing - INFO - _price_with_jump_diffusion - Pricing with jump diffusion MC: 10000 simulations
2025-12-22 16:00:01 - OptionPricing - INFO - __init__ - MertonJumpModel initialized: S₀=28000.0, r=0.05, σ=0.22, T=0.25, Δt=0.01, steps=25
2025-12-22 16:00:01 - OptionPricing - INFO - __init__ - Jump process: JumpProcess(λ=0.7500, μ_j=0.6000, δ=0.2000)
2025-12-22 16:00:01 - OptionPricing - INFO - simulate_terminal_prices - Starting generator: 10000 simulations
2025-12-22 16:00:01 - OptionPricing - INFO - simulate_terminal_prices - Generator completed: 10000 simulations
2025-12-22 16:00:01 - OptionPricing - INFO - price - Option priced at 3280.8362 using Jump-Diffusion-MC
2025-12-22 16:00:01 - OptionPricing - INFO - wrapper - Completed price in 0.2125 seconds
2025-12-22 16:00:01 - OptionPricing - INFO - calculate_greeks - Calculating Greeks with method: analytical
2025-12-22 16:00:01 - OptionPricing - ERROR - price_options_with_multiple_methods - Pricing failed for method jump_diffusion_mc: 'NoneType' object has no attribute 'get'
2025-12-22 16:00:01 - OptionPricing - INFO - wrapper - Starting execution of price
2025-12-22 16:00:01 - OptionPricing - INFO - calculate_price - Pricing with Black-Scholes: S=28000.0, K=27000.0, T=0.25
2025-12-22 16:00:01 - OptionPricing - INFO - price - Option priced at 2008.0000 using Black-Scholes
2025-12-22 16:00:01 - OptionPricing - INFO - wrapper - Completed price in 0.0001 seconds
2025-12-22 16:00:01 - OptionPricing - INFO - calculate_greeks - Calculating Greeks with method: analytical
2025-12-22 16:00:01 - OptionPricing - ERROR - price_options_with_multiple_methods - Pricing failed for method black_scholes: 'NoneType' object has no attribute 'get'
2025-12-22 16:00:01 - OptionPricing - INFO - wrapper - Starting execution of price
2025-12-22 16:00:01 - OptionPricing - INFO - _price_with_jump_diffusion - Pricing with jump diffusion MC: 10000 simulations
2025-12-22 16:00:01 - OptionPricing - INFO - __init__ - MertonJumpModel initialized: S₀=28000.0, r=0.05, σ=0.18, T=0.25, Δt=0.01, steps=25
2025-12-22 16:00:01 - OptionPricing - INFO - __init__ - Jump process: JumpProcess(λ=0.7500, μ_j=0.6000, δ=0.2000)
2025-12-22 16:00:01 - OptionPricing - INFO - simulate_terminal_prices - Starting generator: 10000 simulations
2025-12-22 16:00:01 - OptionPricing - INFO - simulate_terminal_prices - Generator completed: 10000 simulations
2025-12-22 16:00:01 - OptionPricing - INFO - price - Option priced at 3969.8922 using Jump-Diffusion-MC
2025-12-22 16:00:01 - OptionPricing - INFO - wrapper - Completed price in 0.1871 seconds
2025-12-22 16:00:01 - OptionPricing - INFO - calculate_greeks - Calculating Greeks with method: analytical
2025-12-22 16:00:01 - OptionPricing - ERROR - price_options_with_multiple_methods - Pricing failed for method jump_diffusion_mc: 'NoneType' object has no attribute 'get'
2025-12-22 16:00:01 - OptionPricing - INFO - wrapper - Starting execution of price
2025-12-22 16:00:01 - OptionPricing - INFO - calculate_price - Pricing with Black-Scholes: S=2000.0, K=2000.0, T=0.5
2025-12-22 16:00:01 - OptionPricing - INFO - price - Option priced at 107.4802 using Black-Scholes
2025-12-22 16:00:01 - OptionPricing - INFO - wrapper - Completed price in 0.0001 seconds
2025-12-22 16:00:01 - OptionPricing - INFO - calculate_greeks - Calculating Greeks with method: analytical
2025-12-22 16:00:01 - OptionPricing - ERROR - price_options_with_multiple_methods - Pricing failed for method black_scholes: 'NoneType' object has no attribute 'get'
2025-12-22 16:00:01 - OptionPricing - INFO - wrapper - Starting execution of price
2025-12-22 16:00:01 - OptionPricing - INFO - _price_with_jump_diffusion - Pricing with jump diffusion MC: 10000 simulations
2025-12-22 16:00:01 - OptionPricing - INFO - __init__ - MertonJumpModel initialized: S₀=2000.0, r=0.05, σ=0.19, T=0.5, Δt=0.01, steps=50
2025-12-22 16:00:01 - OptionPricing - INFO - __init__ - Jump process: JumpProcess(λ=0.6000, μ_j=0.5000, δ=0.1800)
2025-12-22 16:00:01 - OptionPricing - INFO - simulate_terminal_prices - Starting generator: 10000 simulations
2025-12-22 16:00:02 - OptionPricing - INFO - simulate_terminal_prices - Generator completed: 10000 simulations
2025-12-22 16:00:02 - OptionPricing - INFO - price - Option priced at 298.3973 using Jump-Diffusion-MC
2025-12-22 16:00:02 - OptionPricing - INFO - wrapper - Completed price in 0.3629 seconds
2025-12-22 16:00:02 - OptionPricing - INFO - calculate_greeks - Calculating Greeks with method: analytical
2025-12-22 16:00:02 - OptionPricing - ERROR - price_options_with_multiple_methods - Pricing failed for method jump_diffusion_mc: 'NoneType' object has no attribute 'get'
2025-12-22 16:00:02 - OptionPricing - INFO - wrapper - Starting execution of price
2025-12-22 16:00:02 - OptionPricing - INFO - calculate_price - Pricing with Black-Scholes: S=2000.0, K=2100.0, T=0.5
2025-12-22 16:00:02 - OptionPricing - INFO - price - Option priced at 118.7939 using Black-Scholes
2025-12-22 16:00:02 - OptionPricing - INFO - wrapper - Completed price in 0.0001 seconds
2025-12-22 16:00:02 - OptionPricing - INFO - calculate_greeks - Calculating Greeks with method: analytical
2025-12-22 16:00:02 - OptionPricing - ERROR - price_options_with_multiple_methods - Pricing failed for method black_scholes: 'NoneType' object has no attribute 'get'
2025-12-22 16:00:02 - OptionPricing - INFO - wrapper - Starting execution of price
2025-12-22 16:00:02 - OptionPricing - INFO - _price_with_jump_diffusion - Pricing with jump diffusion MC: 10000 simulations
2025-12-22 16:00:02 - OptionPricing - INFO - __init__ - MertonJumpModel initialized: S₀=2000.0, r=0.05, σ=0.21, T=0.5, Δt=0.01, steps=50
2025-12-22 16:00:02 - OptionPricing - INFO - __init__ - Jump process: JumpProcess(λ=0.6000, μ_j=0.5000, δ=0.1800)
2025-12-22 16:00:02 - OptionPricing - INFO - simulate_terminal_prices - Starting generator: 10000 simulations
2025-12-22 16:00:02 - OptionPricing - INFO - simulate_terminal_prices - Generator completed: 10000 simulations
2025-12-22 16:00:02 - OptionPricing - INFO - price - Option priced at 271.3100 using Jump-Diffusion-MC
2025-12-22 16:00:02 - OptionPricing - INFO - wrapper - Completed price in 0.3684 seconds
2025-12-22 16:00:02 - OptionPricing - INFO - calculate_greeks - Calculating Greeks with method: analytical
2025-12-22 16:00:02 - OptionPricing - ERROR - price_options_with_multiple_methods - Pricing failed for method jump_diffusion_mc: 'NoneType' object has no attribute 'get'
2025-12-22 16:00:02 - OptionPricing - INFO - wrapper - Starting execution of price
2025-12-22 16:00:02 - OptionPricing - INFO - calculate_price - Pricing with Black-Scholes: S=28000.0, K=28000.0, T=1.0
2025-12-22 16:00:02 - OptionPricing - INFO - price - Option priced at 2240.0000 using Black-Scholes
2025-12-22 16:00:02 - OptionPricing - INFO - wrapper - Completed price in 0.0001 seconds
2025-12-22 16:00:02 - OptionPricing - INFO - calculate_greeks - Calculating Greeks with method: analytical
2025-12-22 16:00:02 - OptionPricing - ERROR - price_options_with_multiple_methods - Pricing failed for method black_scholes: 'NoneType' object has no attribute 'get'
2025-12-22 16:00:02 - OptionPricing - INFO - wrapper - Starting execution of price
2025-12-22 16:00:02 - OptionPricing - INFO - _price_with_jump_diffusion - Pricing with jump diffusion MC: 10000 simulations
2025-12-22 16:00:02 - OptionPricing - INFO - __init__ - MertonJumpModel initialized: S₀=28000.0, r=0.05, σ=0.2, T=1.0, Δt=0.01, steps=100
2025-12-22 16:00:02 - OptionPricing - INFO - __init__ - Jump process: JumpProcess(λ=0.7500, μ_j=0.6000, δ=0.2000)
2025-12-22 16:00:02 - OptionPricing - INFO - simulate_terminal_prices - Starting generator: 10000 simulations
2025-12-22 16:00:03 - OptionPricing - INFO - simulate_terminal_prices - Generator completed: 10000 simulations
2025-12-22 16:00:03 - OptionPricing - INFO - price - Option priced at 7805.0715 using Jump-Diffusion-MC
2025-12-22 16:00:03 - OptionPricing - INFO - wrapper - Completed price in 0.7113 seconds
2025-12-22 16:00:03 - OptionPricing - INFO - calculate_greeks - Calculating Greeks with method: analytical
2025-12-22 16:00:03 - OptionPricing - ERROR - price_options_with_multiple_methods - Pricing failed for method jump_diffusion_mc: 'NoneType' object has no attribute 'get'
2025-12-22 16:00:03 - OptionPricing - INFO - wrapper - Starting execution of price
2025-12-22 16:00:03 - OptionPricing - INFO - calculate_price - Pricing with Black-Scholes: S=28000.0, K=30000.0, T=0.25
2025-12-22 16:00:03 - OptionPricing - INFO - price - Option priced at 1400.0000 using Black-Scholes
2025-12-22 16:00:03 - OptionPricing - INFO - wrapper - Completed price in 0.0001 seconds
2025-12-22 16:00:03 - OptionPricing - INFO - calculate_greeks - Calculating Greeks with method: analytical
2025-12-22 16:00:03 - OptionPricing - ERROR - price_options_with_multiple_methods - Pricing failed for method black_scholes: 'NoneType' object has no attribute 'get'
2025-12-22 16:00:03 - OptionPricing - INFO - wrapper - Starting execution of price
2025-12-22 16:00:03 - OptionPricing - INFO - _price_with_jump_diffusion - Pricing with jump diffusion MC: 10000 simulations
2025-12-22 16:00:03 - OptionPricing - INFO - __init__ - MertonJumpModel initialized: S₀=28000.0, r=0.05, σ=0.25, T=0.25, Δt=0.01, steps=25
2025-12-22 16:00:03 - OptionPricing - INFO - __init__ - Jump process: JumpProcess(λ=0.7500, μ_j=0.6000, δ=0.2000)
2025-12-22 16:00:03 - OptionPricing - INFO - simulate_terminal_prices - Starting generator: 10000 simulations
2025-12-22 16:00:03 - OptionPricing - INFO - simulate_terminal_prices - Generator completed: 10000 simulations
2025-12-22 16:00:03 - OptionPricing - INFO - price - Option priced at 3283.7587 using Jump-Diffusion-MC
2025-12-22 16:00:03 - OptionPricing - INFO - wrapper - Completed price in 0.1891 seconds
2025-12-22 16:00:03 - OptionPricing - INFO - calculate_greeks - Calculating Greeks with method: analytical
2025-12-22 16:00:03 - OptionPricing - ERROR - price_options_with_multiple_methods - Pricing failed for method jump_diffusion_mc: 'NoneType' object has no attribute 'get'
2025-12-22 16:00:03 - OptionPricing - INFO - wrapper - Starting execution of price
2025-12-22 16:00:03 - OptionPricing - INFO - calculate_price - Pricing with Black-Scholes: S=2000.0, K=1950.0, T=0.25
2025-12-22 16:00:03 - OptionPricing - INFO - price - Option priced at 118.0000 using Black-Scholes
2025-12-22 16:00:03 - OptionPricing - INFO - wrapper - Completed price in 0.0001 seconds
2025-12-22 16:00:03 - OptionPricing - INFO - calculate_greeks - Calculating Greeks with method: analytical
2025-12-22 16:00:03 - OptionPricing - ERROR - price_options_with_multiple_methods - Pricing failed for method black_scholes: 'NoneType' object has no attribute 'get'
2025-12-22 16:00:03 - OptionPricing - INFO - wrapper - Starting execution of price
2025-12-22 16:00:03 - OptionPricing - INFO - _price_with_jump_diffusion - Pricing with jump diffusion MC: 10000 simulations
2025-12-22 16:00:03 - OptionPricing - INFO - __init__ - MertonJumpModel initialized: S₀=2000.0, r=0.05, σ=0.17, T=0.25, Δt=0.01, steps=25
2025-12-22 16:00:03 - OptionPricing - INFO - __init__ - Jump process: JumpProcess(λ=0.6000, μ_j=0.5000, δ=0.1800)
2025-12-22 16:00:03 - OptionPricing - INFO - simulate_terminal_prices - Starting generator: 10000 simulations
2025-12-22 16:00:03 - OptionPricing - INFO - simulate_terminal_prices - Generator completed: 10000 simulations
2025-12-22 16:00:03 - OptionPricing - INFO - price - Option priced at 183.1041 using Jump-Diffusion-MC
2025-12-22 16:00:03 - OptionPricing - INFO - wrapper - Completed price in 0.1889 seconds
2025-12-22 16:00:03 - OptionPricing - INFO - calculate_greeks - Calculating Greeks with method: analytical
2025-12-22 16:00:03 - OptionPricing - ERROR - price_options_with_multiple_methods - Pricing failed for method jump_diffusion_mc: 'NoneType' object has no attribute 'get'
2025-12-22 16:00:03 - OptionPricing - INFO - wrapper - Starting execution of price
2025-12-22 16:00:03 - OptionPricing - INFO - calculate_price - Pricing with Black-Scholes: S=28000.0, K=28500.0, T=0.5
2025-12-22 16:00:03 - OptionPricing - INFO - price - Option priced at 1663.1151 using Black-Scholes
2025-12-22 16:00:03 - OptionPricing - INFO - wrapper - Completed price in 0.0001 seconds
2025-12-22 16:00:03 - OptionPricing - INFO - calculate_greeks - Calculating Greeks with method: analytical
2025-12-22 16:00:03 - OptionPricing - ERROR - price_options_with_multiple_methods - Pricing failed for method black_scholes: 'NoneType' object has no attribute 'get'
2025-12-22 16:00:03 - OptionPricing - INFO - wrapper - Starting execution of price
2025-12-22 16:00:03 - OptionPricing - INFO - _price_with_jump_diffusion - Pricing with jump diffusion MC: 10000 simulations
2025-12-22 16:00:03 - OptionPricing - INFO - __init__ - MertonJumpModel initialized: S₀=28000.0, r=0.05, σ=0.21, T=0.5, Δt=0.01, steps=50
2025-12-22 16:00:03 - OptionPricing - INFO - __init__ - Jump process: JumpProcess(λ=0.7500, μ_j=0.6000, δ=0.2000)
2025-12-22 16:00:03 - OptionPricing - INFO - simulate_terminal_prices - Starting generator: 10000 simulations
2025-12-22 16:00:03 - OptionPricing - INFO - simulate_terminal_prices - Generator completed: 10000 simulations
2025-12-22 16:00:03 - OptionPricing - INFO - price - Option priced at 5382.7472 using Jump-Diffusion-MC
2025-12-22 16:00:03 - OptionPricing - INFO - wrapper - Completed price in 0.3620 seconds
2025-12-22 16:00:03 - OptionPricing - INFO - calculate_greeks - Calculating Greeks with method: analytical
2025-12-22 16:00:03 - OptionPricing - ERROR - price_options_with_multiple_methods - Pricing failed for method jump_diffusion_mc: 'NoneType' object has no attribute 'get'
2025-12-22 16:00:03 - OptionPricing - INFO - wrapper - Starting execution of price
2025-12-22 16:00:03 - OptionPricing - INFO - calculate_price - Pricing with Black-Scholes: S=2000.0, K=2050.0, T=1.0
2025-12-22 16:00:03 - OptionPricing - INFO - price - Option priced at 160.0000 using Black-Scholes
2025-12-22 16:00:03 - OptionPricing - INFO - wrapper - Completed price in 0.0001 seconds
2025-12-22 16:00:03 - OptionPricing - INFO - calculate_greeks - Calculating Greeks with method: analytical
2025-12-22 16:00:03 - OptionPricing - ERROR - price_options_with_multiple_methods - Pricing failed for method black_scholes: 'NoneType' object has no attribute 'get'
2025-12-22 16:00:03 - OptionPricing - INFO - wrapper - Starting execution of price
2025-12-22 16:00:03 - OptionPricing - INFO - _price_with_jump_diffusion - Pricing with jump diffusion MC: 10000 simulations
2025-12-22 16:00:03 - OptionPricing - INFO - __init__ - MertonJumpModel initialized: S₀=2000.0, r=0.05, σ=0.2, T=1.0, Δt=0.01, steps=100
2025-12-22 16:00:03 - OptionPricing - INFO - __init__ - Jump process: JumpProcess(λ=0.6000, μ_j=0.5000, δ=0.1800)
2025-12-22 16:00:03 - OptionPricing - INFO - simulate_terminal_prices - Starting generator: 10000 simulations
2025-12-22 16:00:04 - OptionPricing - INFO - simulate_terminal_prices - Generator completed: 10000 simulations
2025-12-22 16:00:04 - OptionPricing - INFO - price - Option priced at 434.2237 using Jump-Diffusion-MC
2025-12-22 16:00:04 - OptionPricing - INFO - wrapper - Completed price in 0.7101 seconds
2025-12-22 16:00:04 - OptionPricing - INFO - calculate_greeks - Calculating Greeks with method: analytical
2025-12-22 16:00:04 - OptionPricing - ERROR - price_options_with_multiple_methods - Pricing failed for method jump_diffusion_mc: 'NoneType' object has no attribute 'get'
2025-12-22 16:00:04 - OptionPricing - INFO - price_options_with_multiple_methods - Completed pricing: 0 results generated
2025-12-22 16:00:04 - OptionPricing - INFO - wrapper - Completed price_options_with_multiple_methods in 3.4938 seconds
2025-12-22 16:00:04 - OptionPricing - INFO - log_result - Result logged: Total options priced = 10
2025-12-22 16:00:04 - OptionPricing - INFO - log_result - Result logged: Total results = 0
2025-12-22 16:00:04 - OptionPricing - INFO - log_result - Result logged: Methods used = black_scholes, jump_diffusion_mc
2025-12-22 16:00:04 - OptionPricing - INFO - __exit__ - === Pricing Session Ended ===
2025-12-22 16:00:04 - OptionPricing - INFO - __exit__ - End time: 2025-12-22 16:00:04.551837
2025-12-22 16:00:04 - OptionPricing - INFO - __exit__ - Duration: 3.4949 seconds
2025-12-22 16:00:04 - OptionPricing - INFO - __exit__ - Results logged: 3
2025-12-22 16:00:04 - OptionPricing - INFO - __exit__ - Session completed successfully
2025-12-22 16:00:04 - OptionPricing - INFO - plot_jump_diffusion_paths - Plotting 100 jump diffusion paths
2025-12-22 16:00:04 - OptionPricing - INFO - simulate_paths - Simulating 100 complete paths
2025-12-22 16:00:04 - OptionPricing - INFO - simulate_paths - Path simulation completed
2025-12-22 16:00:04 - OptionPricing - INFO - plot_jump_diffusion_paths - Plot saved to jump_diffusion_paths.png
2025-12-22 16:00:04 - OptionPricing - INFO - create_adam_jones - Creating Adam Jones trader
2025-12-22 16:00:04 - OptionPricing - INFO - create_trader - Creating trader: Adam Jones (AJ001)
2025-12-22 16:00:04 - OptionPricing - INFO - __init__ - TradeBlotter 'Adam Jones - JapanEQExotics' created
2025-12-22 16:00:04 - OptionPricing - INFO - write_results_to_csv - Writing 0 results to CSV: pricing_results.csv
2025-12-22 16:00:04 - OptionPricing - WARNING - write_results_to_csv - No results to write
2025-12-22 16:00:04 - OptionPricing - INFO - write_results_to_json - Writing 0 results to JSON: pricing_results.json
2025-12-22 16:00:04 - OptionPricing - INFO - write_results_to_json - Successfully wrote results to JSON
2025-12-22 16:00:04 - OptionPricing - INFO - initialize_database - Initializing database: pricing_results.db
2025-12-22 16:00:04 - OptionPricing - INFO - __enter__ - Database connection opened: pricing_results.db
2025-12-22 16:00:04 - OptionPricing - INFO - initialize_database - Database initialized successfully
2025-12-22 16:00:04 - OptionPricing - INFO - __exit__ - Database changes committed
2025-12-22 16:00:04 - OptionPricing - INFO - __exit__ - Database connection closed
2025-12-22 16:00:04 - OptionPricing - INFO - write_results_to_sqlite - Writing 0 results to SQLite: pricing_results.db
2025-12-22 16:00:04 - OptionPricing - INFO - initialize_database - Initializing database: pricing_results.db
2025-12-22 16:00:04 - OptionPricing - INFO - __enter__ - Database connection opened: pricing_results.db
2025-12-22 16:00:04 - OptionPricing - INFO - initialize_database - Database initialized successfully
2025-12-22 16:00:04 - OptionPricing - INFO - __exit__ - Database changes committed
2025-12-22 16:00:04 - OptionPricing - INFO - __exit__ - Database connection closed
2025-12-22 16:00:04 - OptionPricing - INFO - __enter__ - Database connection opened: pricing_results.db
2025-12-22 16:00:04 - OptionPricing - INFO - __exit__ - Database changes committed
2025-12-22 16:00:04 - OptionPricing - INFO - __exit__ - Database connection closed
2025-12-22 16:00:04 - OptionPricing - INFO - write_results_to_sqlite - Successfully wrote results to SQLite
